Archive member included to satisfy reference by file (symbol)

c:/program files (x86)/embitz/2.30/share/armgcc/bin/../lib/gcc/arm-none-eabi/9.3.1/thumb/v7e-m+fp/hard\libgcc.a(_arm_muldf3.o)
                              obj\debug\external\colorsensor\tcs3472.o (__aeabi_dmul)
c:/program files (x86)/embitz/2.30/share/armgcc/bin/../lib/gcc/arm-none-eabi/9.3.1/thumb/v7e-m+fp/hard\libgcc.a(_arm_addsubdf3.o)
                              obj\debug\external\colorsensor\tcs3472.o (__aeabi_dadd)
c:/program files (x86)/embitz/2.30/share/armgcc/bin/../lib/gcc/arm-none-eabi/9.3.1/thumb/v7e-m+fp/hard\libgcc.a(_arm_muldivdf3.o)
                              obj\debug\src\interrupts.o (__aeabi_ddiv)
c:/program files (x86)/embitz/2.30/share/armgcc/bin/../lib/gcc/arm-none-eabi/9.3.1/thumb/v7e-m+fp/hard\libgcc.a(_arm_truncdfsf2.o)
                              obj\debug\external\colorsensor\tcs3472.o (__aeabi_d2f)
c:/program files (x86)/embitz/2.30/share/armgcc/bin/../lib/gcc/arm-none-eabi/9.3.1/../../../../arm-none-eabi/lib/thumb/v7e-m+fp/hard\libg_nano.a(lib_a-exit.o)
                              c:/program files (x86)/embitz/2.30/share/armgcc/bin/../lib/gcc/arm-none-eabi/9.3.1/../../../../arm-none-eabi/lib/thumb/v7e-m+fp/hard/crt0.o (exit)
c:/program files (x86)/embitz/2.30/share/armgcc/bin/../lib/gcc/arm-none-eabi/9.3.1/../../../../arm-none-eabi/lib/thumb/v7e-m+fp/hard\libg_nano.a(lib_a-impure.o)
                              c:/program files (x86)/embitz/2.30/share/armgcc/bin/../lib/gcc/arm-none-eabi/9.3.1/../../../../arm-none-eabi/lib/thumb/v7e-m+fp/hard\libg_nano.a(lib_a-exit.o) (_global_impure_ptr)
c:/program files (x86)/embitz/2.30/share/armgcc/bin/../lib/gcc/arm-none-eabi/9.3.1/../../../../arm-none-eabi/lib/thumb/v7e-m+fp/hard\libg_nano.a(lib_a-init.o)
                              c:/program files (x86)/embitz/2.30/share/armgcc/bin/../lib/gcc/arm-none-eabi/9.3.1/../../../../arm-none-eabi/lib/thumb/v7e-m+fp/hard/crt0.o (__libc_init_array)
c:/program files (x86)/embitz/2.30/share/armgcc/bin/../lib/gcc/arm-none-eabi/9.3.1/../../../../arm-none-eabi/lib/thumb/v7e-m+fp/hard\libg_nano.a(lib_a-memset.o)
                              c:/program files (x86)/embitz/2.30/share/armgcc/bin/../lib/gcc/arm-none-eabi/9.3.1/../../../../arm-none-eabi/lib/thumb/v7e-m+fp/hard/crt0.o (memset)
c:/program files (x86)/embitz/2.30/share/armgcc/bin/../lib/gcc/arm-none-eabi/9.3.1/../../../../arm-none-eabi/lib/thumb/v7e-m+fp/hard\libnosys.a(_exit.o)
                              c:/program files (x86)/embitz/2.30/share/armgcc/bin/../lib/gcc/arm-none-eabi/9.3.1/../../../../arm-none-eabi/lib/thumb/v7e-m+fp/hard\libg_nano.a(lib_a-exit.o) (_exit)

Allocating common symbols
Common symbol       size              file

I2CStatus           0xa               obj\debug\external\colorsensor\tcs3472.o
PID_regulator       0x60              obj\debug\external\colorsensor\tcs3472.o
line                0x8               obj\debug\src\interrupts.o
ADCDataBottom       0xa               obj\debug\src\sensors.o
Potensiometer       0x2               obj\debug\src\sensors.o
TIMStatus           0x20              obj\debug\external\colorsensor\tcs3472.o
ADCDataTop          0x6               obj\debug\src\sensors.o
TCS3472             0x28              obj\debug\external\colorsensor\tcs3472.o
angle               0x8               obj\debug\src\interrupts.o
EncData             0x4               obj\debug\src\interrupts.o
speed               0x8               obj\debug\src\interrupts.o
ADCStatus           0x2c              obj\debug\external\colorsensor\tcs3472.o
RCH                 0x1               obj\debug\external\colorsensor\tcs3472.o
Tank_60x60          0x1fe             obj\debug\external\colorsensor\tcs3472.o
status              0x1               obj\debug\src\main.o
Clocks              0x14              obj\debug\external\colorsensor\tcs3472.o
JCH                 0x1               obj\debug\external\colorsensor\tcs3472.o

Discarded input sections

 .text          0x00000000        0x0 c:/program files (x86)/embitz/2.30/share/armgcc/bin/../lib/gcc/arm-none-eabi/9.3.1/thumb/v7e-m+fp/hard/crti.o
 .data          0x00000000        0x0 c:/program files (x86)/embitz/2.30/share/armgcc/bin/../lib/gcc/arm-none-eabi/9.3.1/thumb/v7e-m+fp/hard/crti.o
 .bss           0x00000000        0x0 c:/program files (x86)/embitz/2.30/share/armgcc/bin/../lib/gcc/arm-none-eabi/9.3.1/thumb/v7e-m+fp/hard/crti.o
 .data          0x00000000        0x4 c:/program files (x86)/embitz/2.30/share/armgcc/bin/../lib/gcc/arm-none-eabi/9.3.1/thumb/v7e-m+fp/hard/crtbegin.o
 .text          0x00000000       0x7c c:/program files (x86)/embitz/2.30/share/armgcc/bin/../lib/gcc/arm-none-eabi/9.3.1/../../../../arm-none-eabi/lib/thumb/v7e-m+fp/hard/crt0.o
 .data          0x00000000        0x0 c:/program files (x86)/embitz/2.30/share/armgcc/bin/../lib/gcc/arm-none-eabi/9.3.1/../../../../arm-none-eabi/lib/thumb/v7e-m+fp/hard/crt0.o
 .bss           0x00000000        0x0 c:/program files (x86)/embitz/2.30/share/armgcc/bin/../lib/gcc/arm-none-eabi/9.3.1/../../../../arm-none-eabi/lib/thumb/v7e-m+fp/hard/crt0.o
 .ARM.extab     0x00000000        0x0 c:/program files (x86)/embitz/2.30/share/armgcc/bin/../lib/gcc/arm-none-eabi/9.3.1/../../../../arm-none-eabi/lib/thumb/v7e-m+fp/hard/crt0.o
 .ARM.exidx     0x00000000       0x10 c:/program files (x86)/embitz/2.30/share/armgcc/bin/../lib/gcc/arm-none-eabi/9.3.1/../../../../arm-none-eabi/lib/thumb/v7e-m+fp/hard/crt0.o
 .ARM.attributes
                0x00000000       0x1c c:/program files (x86)/embitz/2.30/share/armgcc/bin/../lib/gcc/arm-none-eabi/9.3.1/../../../../arm-none-eabi/lib/thumb/v7e-m+fp/hard/crt0.o
 .text          0x00000000       0x14 obj\debug\src\startup_stm32f401xc.o
 .data          0x00000000        0x0 obj\debug\src\startup_stm32f401xc.o
 .bss           0x00000000        0x0 obj\debug\src\startup_stm32f401xc.o
 .text          0x00000000        0x0 obj\debug\external\colorsensor\tcs3472.o
 .data          0x00000000        0x0 obj\debug\external\colorsensor\tcs3472.o
 .bss           0x00000000        0x0 obj\debug\external\colorsensor\tcs3472.o
 .data.PrescalerTable
                0x00000000       0x10 obj\debug\external\colorsensor\tcs3472.o
 .text.TCS3472_CalculateLux
                0x00000000       0x6c obj\debug\external\colorsensor\tcs3472.o
 .text.TCS3472_CalculateColorTemperatureKelvin
                0x00000000      0x258 obj\debug\external\colorsensor\tcs3472.o
 .text.TCS3472_SetGain
                0x00000000       0x3c obj\debug\external\colorsensor\tcs3472.o
 .text.TCS3472_SetIntegrationTime
                0x00000000       0x3c obj\debug\external\colorsensor\tcs3472.o
 .text.TCS3472_SetWaitTime
                0x00000000       0x3c obj\debug\external\colorsensor\tcs3472.o
 .text          0x00000000        0x0 obj\debug\external\matrix\matrix.o
 .data          0x00000000        0x0 obj\debug\external\matrix\matrix.o
 .bss           0x00000000        0x0 obj\debug\external\matrix\matrix.o
 .debug_line    0x00000000        0x0 obj\debug\external\matrix\matrix.o
 .debug_str     0x00000000       0xd6 obj\debug\external\matrix\matrix.o
 .comment       0x00000000       0x4d obj\debug\external\matrix\matrix.o
 .ARM.attributes
                0x00000000       0x39 obj\debug\external\matrix\matrix.o
 .text          0x00000000        0x0 obj\debug\external\modbus\ascii\modbus_ascii.o
 .data          0x00000000        0x0 obj\debug\external\modbus\ascii\modbus_ascii.o
 .bss           0x00000000        0x0 obj\debug\external\modbus\ascii\modbus_ascii.o
 .debug_line    0x00000000        0x0 obj\debug\external\modbus\ascii\modbus_ascii.o
 .debug_str     0x00000000       0xe2 obj\debug\external\modbus\ascii\modbus_ascii.o
 .comment       0x00000000       0x4d obj\debug\external\modbus\ascii\modbus_ascii.o
 .ARM.attributes
                0x00000000       0x39 obj\debug\external\modbus\ascii\modbus_ascii.o
 .text          0x00000000        0x0 obj\debug\external\mpu9250\mpu9250.o
 .data          0x00000000        0x0 obj\debug\external\mpu9250\mpu9250.o
 .bss           0x00000000        0x0 obj\debug\external\mpu9250\mpu9250.o
 .data.PrescalerTable
                0x00000000       0x10 obj\debug\external\mpu9250\mpu9250.o
 .debug_info    0x00000000      0xe04 obj\debug\external\mpu9250\mpu9250.o
 .debug_abbrev  0x00000000      0x207 obj\debug\external\mpu9250\mpu9250.o
 .debug_aranges
                0x00000000       0x18 obj\debug\external\mpu9250\mpu9250.o
 .debug_line    0x00000000      0x25b obj\debug\external\mpu9250\mpu9250.o
 .debug_str     0x00000000      0x80e obj\debug\external\mpu9250\mpu9250.o
 .comment       0x00000000       0x4d obj\debug\external\mpu9250\mpu9250.o
 .ARM.attributes
                0x00000000       0x39 obj\debug\external\mpu9250\mpu9250.o
 .text          0x00000000        0x0 obj\debug\external\regulators\regulators.o
 .data          0x00000000        0x0 obj\debug\external\regulators\regulators.o
 .bss           0x00000000        0x0 obj\debug\external\regulators\regulators.o
 .data.PrescalerTable
                0x00000000       0x10 obj\debug\external\regulators\regulators.o
 .debug_info    0x00000000      0xe04 obj\debug\external\regulators\regulators.o
 .debug_abbrev  0x00000000      0x207 obj\debug\external\regulators\regulators.o
 .debug_aranges
                0x00000000       0x18 obj\debug\external\regulators\regulators.o
 .debug_line    0x00000000      0x25b obj\debug\external\regulators\regulators.o
 .debug_str     0x00000000      0x814 obj\debug\external\regulators\regulators.o
 .comment       0x00000000       0x4d obj\debug\external\regulators\regulators.o
 .ARM.attributes
                0x00000000       0x39 obj\debug\external\regulators\regulators.o
 .text          0x00000000        0x0 obj\debug\external\ssd1306\fonts.o
 .data          0x00000000        0x0 obj\debug\external\ssd1306\fonts.o
 .bss           0x00000000        0x0 obj\debug\external\ssd1306\fonts.o
 .debug_info    0x00000000      0x9f7 obj\debug\external\ssd1306\fonts.o
 .debug_abbrev  0x00000000      0x1b8 obj\debug\external\ssd1306\fonts.o
 .debug_aranges
                0x00000000       0x18 obj\debug\external\ssd1306\fonts.o
 .debug_line    0x00000000      0x1a5 obj\debug\external\ssd1306\fonts.o
 .debug_str     0x00000000      0x5f4 obj\debug\external\ssd1306\fonts.o
 .comment       0x00000000       0x4d obj\debug\external\ssd1306\fonts.o
 .ARM.attributes
                0x00000000       0x39 obj\debug\external\ssd1306\fonts.o
 .text          0x00000000        0x0 obj\debug\external\ssd1306\images.o
 .data          0x00000000        0x0 obj\debug\external\ssd1306\images.o
 .bss           0x00000000        0x0 obj\debug\external\ssd1306\images.o
 .data.PrescalerTable
                0x00000000       0x10 obj\debug\external\ssd1306\images.o
 .data.logo_RCR_50x50
                0x00000000      0x15e obj\debug\external\ssd1306\images.o
 .data.logo_RCR_20x20
                0x00000000       0x3c obj\debug\external\ssd1306\images.o
 .data.logo_RCR_40x40
                0x00000000       0xc8 obj\debug\external\ssd1306\images.o
 .data.logo_DSTU_40x40
                0x00000000       0xc8 obj\debug\external\ssd1306\images.o
 .data.Sad_50x50
                0x00000000      0x15e obj\debug\external\ssd1306\images.o
 .data.Heart_50x50
                0x00000000      0x15e obj\debug\external\ssd1306\images.o
 .debug_info    0x00000000      0xe04 obj\debug\external\ssd1306\images.o
 .debug_abbrev  0x00000000      0x207 obj\debug\external\ssd1306\images.o
 .debug_aranges
                0x00000000       0x18 obj\debug\external\ssd1306\images.o
 .debug_line    0x00000000      0x26c obj\debug\external\ssd1306\images.o
 .debug_str     0x00000000      0x80d obj\debug\external\ssd1306\images.o
 .comment       0x00000000       0x4d obj\debug\external\ssd1306\images.o
 .ARM.attributes
                0x00000000       0x39 obj\debug\external\ssd1306\images.o
 .text          0x00000000        0x0 obj\debug\external\ssd1306\ssd1306.o
 .data          0x00000000        0x0 obj\debug\external\ssd1306\ssd1306.o
 .bss           0x00000000        0x0 obj\debug\external\ssd1306\ssd1306.o
 .data.PrescalerTable
                0x00000000       0x10 obj\debug\external\ssd1306\ssd1306.o
 .bss.SSD1306_Buffer
                0x00000000      0x400 obj\debug\external\ssd1306\ssd1306.o
 .bss.SSD1306   0x00000000        0x6 obj\debug\external\ssd1306\ssd1306.o
 .text.SSD1306_Init
                0x00000000      0x23c obj\debug\external\ssd1306\ssd1306.o
 .text.SSD1306_UpdateScreen
                0x00000000       0x68 obj\debug\external\ssd1306\ssd1306.o
 .text.SSD1306_ToggleInvert
                0x00000000       0x54 obj\debug\external\ssd1306\ssd1306.o
 .text.SSD1306_Fill
                0x00000000       0x30 obj\debug\external\ssd1306\ssd1306.o
 .text.SSD1306_DrawPixel
                0x00000000       0xc0 obj\debug\external\ssd1306\ssd1306.o
 .text.SSD1306_GotoXY
                0x00000000       0x2c obj\debug\external\ssd1306\ssd1306.o
 .text.SSD1306_Putc
                0x00000000      0x100 obj\debug\external\ssd1306\ssd1306.o
 .text.SSD1306_Puts
                0x00000000       0x4a obj\debug\external\ssd1306\ssd1306.o
 .text.SSD1306_DrawLine
                0x00000000      0x1f6 obj\debug\external\ssd1306\ssd1306.o
 .text.SSD1306_DrawRectangle
                0x00000000       0xd4 obj\debug\external\ssd1306\ssd1306.o
 .text.SSD1306_DrawFilledRectangle
                0x00000000       0x9a obj\debug\external\ssd1306\ssd1306.o
 .text.SSD1306_DrawTriangle
                0x00000000       0x62 obj\debug\external\ssd1306\ssd1306.o
 .text.SSD1306_DrawFilledTriangle
                0x00000000      0x184 obj\debug\external\ssd1306\ssd1306.o
 .text.SSD1306_DrawCircle
                0x00000000      0x1a8 obj\debug\external\ssd1306\ssd1306.o
 .text.SSD1306_DrawFilledCircle
                0x00000000      0x1b6 obj\debug\external\ssd1306\ssd1306.o
 .text.ssd1306_image
                0x00000000       0xfe obj\debug\external\ssd1306\ssd1306.o
 .text.SSD1306_ON
                0x00000000       0x30 obj\debug\external\ssd1306\ssd1306.o
 .text.SSD1306_OFF
                0x00000000       0x30 obj\debug\external\ssd1306\ssd1306.o
 .debug_info    0x00000000     0x1771 obj\debug\external\ssd1306\ssd1306.o
 .debug_abbrev  0x00000000      0x366 obj\debug\external\ssd1306\ssd1306.o
 .debug_aranges
                0x00000000       0xa8 obj\debug\external\ssd1306\ssd1306.o
 .debug_ranges  0x00000000       0x98 obj\debug\external\ssd1306\ssd1306.o
 .debug_line    0x00000000      0x92e obj\debug\external\ssd1306\ssd1306.o
 .debug_str     0x00000000      0xaf0 obj\debug\external\ssd1306\ssd1306.o
 .comment       0x00000000       0x4d obj\debug\external\ssd1306\ssd1306.o
 .debug_frame   0x00000000      0x2b8 obj\debug\external\ssd1306\ssd1306.o
 .ARM.attributes
                0x00000000       0x34 obj\debug\external\ssd1306\ssd1306.o
 .text          0x00000000        0x0 obj\debug\external\ssd1306\ssd1306_i2c.o
 .data          0x00000000        0x0 obj\debug\external\ssd1306\ssd1306_i2c.o
 .bss           0x00000000        0x0 obj\debug\external\ssd1306\ssd1306_i2c.o
 .data.PrescalerTable
                0x00000000       0x10 obj\debug\external\ssd1306\ssd1306_i2c.o
 .bss.ssd1306_I2C_Timeout
                0x00000000        0x4 obj\debug\external\ssd1306\ssd1306_i2c.o
 .text.ssd1306_I2C_WriteMulti
                0x00000000       0x5c obj\debug\external\ssd1306\ssd1306_i2c.o
 .text.ssd1306_I2C_Start
                0x00000000      0x128 obj\debug\external\ssd1306\ssd1306_i2c.o
 .text.ssd1306_I2C_WriteData
                0x00000000       0x44 obj\debug\external\ssd1306\ssd1306_i2c.o
 .text.ssd1306_I2C_Write
                0x00000000       0x48 obj\debug\external\ssd1306\ssd1306_i2c.o
 .text.ssd1306_I2C_Stop
                0x00000000       0x68 obj\debug\external\ssd1306\ssd1306_i2c.o
 .text.ssd1306_I2C_IsDeviceConnected
                0x00000000       0x36 obj\debug\external\ssd1306\ssd1306_i2c.o
 .debug_info    0x00000000     0x1136 obj\debug\external\ssd1306\ssd1306_i2c.o
 .debug_abbrev  0x00000000      0x2c3 obj\debug\external\ssd1306\ssd1306_i2c.o
 .debug_aranges
                0x00000000       0x48 obj\debug\external\ssd1306\ssd1306_i2c.o
 .debug_ranges  0x00000000       0x38 obj\debug\external\ssd1306\ssd1306_i2c.o
 .debug_line    0x00000000      0x43d obj\debug\external\ssd1306\ssd1306_i2c.o
 .debug_str     0x00000000      0x964 obj\debug\external\ssd1306\ssd1306_i2c.o
 .comment       0x00000000       0x4d obj\debug\external\ssd1306\ssd1306_i2c.o
 .debug_frame   0x00000000       0xf4 obj\debug\external\ssd1306\ssd1306_i2c.o
 .ARM.attributes
                0x00000000       0x34 obj\debug\external\ssd1306\ssd1306_i2c.o
 .text          0x00000000        0x0 obj\debug\fil_lib\src\adc.o
 .data          0x00000000        0x0 obj\debug\fil_lib\src\adc.o
 .bss           0x00000000        0x0 obj\debug\fil_lib\src\adc.o
 .data.PrescalerTable
                0x00000000       0x10 obj\debug\fil_lib\src\adc.o
 .text          0x00000000        0x0 obj\debug\fil_lib\src\dma.o
 .data          0x00000000        0x0 obj\debug\fil_lib\src\dma.o
 .bss           0x00000000        0x0 obj\debug\fil_lib\src\dma.o
 .data.PrescalerTable
                0x00000000       0x10 obj\debug\fil_lib\src\dma.o
 .debug_info    0x00000000      0xe04 obj\debug\fil_lib\src\dma.o
 .debug_abbrev  0x00000000      0x207 obj\debug\fil_lib\src\dma.o
 .debug_aranges
                0x00000000       0x18 obj\debug\fil_lib\src\dma.o
 .debug_line    0x00000000      0x25b obj\debug\fil_lib\src\dma.o
 .debug_str     0x00000000      0x805 obj\debug\fil_lib\src\dma.o
 .comment       0x00000000       0x4d obj\debug\fil_lib\src\dma.o
 .ARM.attributes
                0x00000000       0x39 obj\debug\fil_lib\src\dma.o
 .text          0x00000000        0x0 obj\debug\fil_lib\src\exti.o
 .data          0x00000000        0x0 obj\debug\fil_lib\src\exti.o
 .bss           0x00000000        0x0 obj\debug\fil_lib\src\exti.o
 .data.PrescalerTable
                0x00000000       0x10 obj\debug\fil_lib\src\exti.o
 .debug_info    0x00000000      0xe04 obj\debug\fil_lib\src\exti.o
 .debug_abbrev  0x00000000      0x207 obj\debug\fil_lib\src\exti.o
 .debug_aranges
                0x00000000       0x18 obj\debug\fil_lib\src\exti.o
 .debug_line    0x00000000      0x25b obj\debug\fil_lib\src\exti.o
 .debug_str     0x00000000      0x806 obj\debug\fil_lib\src\exti.o
 .comment       0x00000000       0x4d obj\debug\fil_lib\src\exti.o
 .ARM.attributes
                0x00000000       0x39 obj\debug\fil_lib\src\exti.o
 .text          0x00000000        0x0 obj\debug\fil_lib\src\i2c.o
 .data          0x00000000        0x0 obj\debug\fil_lib\src\i2c.o
 .bss           0x00000000        0x0 obj\debug\fil_lib\src\i2c.o
 .data.PrescalerTable
                0x00000000       0x10 obj\debug\fil_lib\src\i2c.o
 .text.I2C_MemoryWriteMulriple
                0x00000000      0x160 obj\debug\fil_lib\src\i2c.o
 .text.I2C_SingleSend
                0x00000000       0x7c obj\debug\fil_lib\src\i2c.o
 .text.I2C_MultipleSend
                0x00000000       0x94 obj\debug\fil_lib\src\i2c.o
 .text.I2C_SingleRead
                0x00000000       0x44 obj\debug\fil_lib\src\i2c.o
 .text.I2C_MultipleRead
                0x00000000       0xc0 obj\debug\fil_lib\src\i2c.o
 .text.I2CFindDevices
                0x00000000      0x160 obj\debug\fil_lib\src\i2c.o
 .text          0x00000000        0x0 obj\debug\fil_lib\src\rcc.o
 .data          0x00000000        0x0 obj\debug\fil_lib\src\rcc.o
 .bss           0x00000000        0x0 obj\debug\fil_lib\src\rcc.o
 .text          0x00000000        0x0 obj\debug\fil_lib\src\rtc.o
 .data          0x00000000        0x0 obj\debug\fil_lib\src\rtc.o
 .bss           0x00000000        0x0 obj\debug\fil_lib\src\rtc.o
 .data.PrescalerTable
                0x00000000       0x10 obj\debug\fil_lib\src\rtc.o
 .debug_info    0x00000000      0xe04 obj\debug\fil_lib\src\rtc.o
 .debug_abbrev  0x00000000      0x207 obj\debug\fil_lib\src\rtc.o
 .debug_aranges
                0x00000000       0x18 obj\debug\fil_lib\src\rtc.o
 .debug_line    0x00000000      0x25b obj\debug\fil_lib\src\rtc.o
 .debug_str     0x00000000      0x805 obj\debug\fil_lib\src\rtc.o
 .comment       0x00000000       0x4d obj\debug\fil_lib\src\rtc.o
 .ARM.attributes
                0x00000000       0x39 obj\debug\fil_lib\src\rtc.o
 .text          0x00000000        0x0 obj\debug\fil_lib\src\tim.o
 .data          0x00000000        0x0 obj\debug\fil_lib\src\tim.o
 .bss           0x00000000        0x0 obj\debug\fil_lib\src\tim.o
 .data.PrescalerTable
                0x00000000       0x10 obj\debug\fil_lib\src\tim.o
 .text.TIM1_IRQHandler
                0x00000000       0x18 obj\debug\fil_lib\src\tim.o
 .text.delay_sec
                0x00000000       0x54 obj\debug\fil_lib\src\tim.o
 .text.CalcTimStatus
                0x00000000      0x200 obj\debug\fil_lib\src\tim.o
 .text.CalcTimPulseLength
                0x00000000      0x164 obj\debug\fil_lib\src\tim.o
 .text.CalcTimDuration
                0x00000000       0x40 obj\debug\fil_lib\src\tim.o
 .text          0x00000000        0x0 obj\debug\fil_lib\src\usart.o
 .data          0x00000000        0x0 obj\debug\fil_lib\src\usart.o
 .bss           0x00000000        0x0 obj\debug\fil_lib\src\usart.o
 .data.PrescalerTable
                0x00000000       0x10 obj\debug\fil_lib\src\usart.o
 .text.CalcUSARTBaudrate
                0x00000000       0x70 obj\debug\fil_lib\src\usart.o
 .debug_info    0x00000000      0xf48 obj\debug\fil_lib\src\usart.o
 .debug_abbrev  0x00000000      0x24b obj\debug\fil_lib\src\usart.o
 .debug_aranges
                0x00000000       0x20 obj\debug\fil_lib\src\usart.o
 .debug_ranges  0x00000000       0x10 obj\debug\fil_lib\src\usart.o
 .debug_line    0x00000000      0x2bb obj\debug\fil_lib\src\usart.o
 .debug_str     0x00000000      0x890 obj\debug\fil_lib\src\usart.o
 .comment       0x00000000       0x4d obj\debug\fil_lib\src\usart.o
 .debug_frame   0x00000000       0x34 obj\debug\fil_lib\src\usart.o
 .ARM.attributes
                0x00000000       0x34 obj\debug\fil_lib\src\usart.o
 .text          0x00000000        0x0 obj\debug\src\engine.o
 .data          0x00000000        0x0 obj\debug\src\engine.o
 .bss           0x00000000        0x0 obj\debug\src\engine.o
 .data.PrescalerTable
                0x00000000       0x10 obj\debug\src\engine.o
 .text          0x00000000        0x0 obj\debug\src\interrupts.o
 .data          0x00000000        0x0 obj\debug\src\interrupts.o
 .bss           0x00000000        0x0 obj\debug\src\interrupts.o
 .data.PrescalerTable
                0x00000000       0x10 obj\debug\src\interrupts.o
 .text          0x00000000        0x0 obj\debug\src\main.o
 .data          0x00000000        0x0 obj\debug\src\main.o
 .bss           0x00000000        0x0 obj\debug\src\main.o
 .data.PrescalerTable
                0x00000000       0x10 obj\debug\src\main.o
 .text.SetMultiplexerState
                0x00000000       0x74 obj\debug\src\main.o
 .bss.distance  0x00000000        0x4 obj\debug\src\main.o
 COMMON         0x00000000        0x1 obj\debug\src\main.o
 .text          0x00000000        0x0 obj\debug\src\regulator.o
 .data          0x00000000        0x0 obj\debug\src\regulator.o
 .bss           0x00000000        0x0 obj\debug\src\regulator.o
 .data.PrescalerTable
                0x00000000       0x10 obj\debug\src\regulator.o
 .text          0x00000000        0x0 obj\debug\src\sensors.o
 .data          0x00000000        0x0 obj\debug\src\sensors.o
 .bss           0x00000000        0x0 obj\debug\src\sensors.o
 .data.PrescalerTable
                0x00000000       0x10 obj\debug\src\sensors.o
 .text.GetSensorsData
                0x00000000       0x80 obj\debug\src\sensors.o
 .debug_info    0x00000000      0xe73 obj\debug\src\sensors.o
 .debug_abbrev  0x00000000      0x23d obj\debug\src\sensors.o
 .debug_aranges
                0x00000000       0x20 obj\debug\src\sensors.o
 .debug_ranges  0x00000000       0x10 obj\debug\src\sensors.o
 .debug_line    0x00000000      0x2d0 obj\debug\src\sensors.o
 .debug_str     0x00000000      0x84b obj\debug\src\sensors.o
 .comment       0x00000000       0x4d obj\debug\src\sensors.o
 .debug_frame   0x00000000       0x2c obj\debug\src\sensors.o
 .ARM.attributes
                0x00000000       0x34 obj\debug\src\sensors.o
 COMMON         0x00000000       0x12 obj\debug\src\sensors.o
 .text          0x00000000        0x0 obj\debug\dev\dev.o
 .data          0x00000000        0x0 obj\debug\dev\dev.o
 .bss           0x00000000        0x0 obj\debug\dev\dev.o
 .data.PrescalerTable
                0x00000000       0x10 obj\debug\dev\dev.o
 .debug_info    0x00000000      0xe04 obj\debug\dev\dev.o
 .debug_abbrev  0x00000000      0x207 obj\debug\dev\dev.o
 .debug_aranges
                0x00000000       0x18 obj\debug\dev\dev.o
 .debug_line    0x00000000      0x25b obj\debug\dev\dev.o
 .debug_str     0x00000000      0x7fd obj\debug\dev\dev.o
 .comment       0x00000000       0x4d obj\debug\dev\dev.o
 .ARM.attributes
                0x00000000       0x39 obj\debug\dev\dev.o
 .text          0x00000000        0x0 obj\debug\src\system_stm32f4xx.o
 .data          0x00000000        0x0 obj\debug\src\system_stm32f4xx.o
 .bss           0x00000000        0x0 obj\debug\src\system_stm32f4xx.o
 .data.SystemCoreClock
                0x00000000        0x4 obj\debug\src\system_stm32f4xx.o
 .data.AHBPrescTable
                0x00000000       0x10 obj\debug\src\system_stm32f4xx.o
 .text.SystemCoreClockUpdate
                0x00000000      0x104 obj\debug\src\system_stm32f4xx.o
 .text          0x00000000      0x254 c:/program files (x86)/embitz/2.30/share/armgcc/bin/../lib/gcc/arm-none-eabi/9.3.1/thumb/v7e-m+fp/hard\libgcc.a(_arm_muldf3.o)
 .data          0x00000000        0x0 c:/program files (x86)/embitz/2.30/share/armgcc/bin/../lib/gcc/arm-none-eabi/9.3.1/thumb/v7e-m+fp/hard\libgcc.a(_arm_muldf3.o)
 .bss           0x00000000        0x0 c:/program files (x86)/embitz/2.30/share/armgcc/bin/../lib/gcc/arm-none-eabi/9.3.1/thumb/v7e-m+fp/hard\libgcc.a(_arm_muldf3.o)
 .debug_frame   0x00000000       0x30 c:/program files (x86)/embitz/2.30/share/armgcc/bin/../lib/gcc/arm-none-eabi/9.3.1/thumb/v7e-m+fp/hard\libgcc.a(_arm_muldf3.o)
 .ARM.attributes
                0x00000000       0x1e c:/program files (x86)/embitz/2.30/share/armgcc/bin/../lib/gcc/arm-none-eabi/9.3.1/thumb/v7e-m+fp/hard\libgcc.a(_arm_muldf3.o)
 .data          0x00000000        0x0 c:/program files (x86)/embitz/2.30/share/armgcc/bin/../lib/gcc/arm-none-eabi/9.3.1/thumb/v7e-m+fp/hard\libgcc.a(_arm_addsubdf3.o)
 .bss           0x00000000        0x0 c:/program files (x86)/embitz/2.30/share/armgcc/bin/../lib/gcc/arm-none-eabi/9.3.1/thumb/v7e-m+fp/hard\libgcc.a(_arm_addsubdf3.o)
 .data          0x00000000        0x0 c:/program files (x86)/embitz/2.30/share/armgcc/bin/../lib/gcc/arm-none-eabi/9.3.1/thumb/v7e-m+fp/hard\libgcc.a(_arm_muldivdf3.o)
 .bss           0x00000000        0x0 c:/program files (x86)/embitz/2.30/share/armgcc/bin/../lib/gcc/arm-none-eabi/9.3.1/thumb/v7e-m+fp/hard\libgcc.a(_arm_muldivdf3.o)
 .data          0x00000000        0x0 c:/program files (x86)/embitz/2.30/share/armgcc/bin/../lib/gcc/arm-none-eabi/9.3.1/thumb/v7e-m+fp/hard\libgcc.a(_arm_truncdfsf2.o)
 .bss           0x00000000        0x0 c:/program files (x86)/embitz/2.30/share/armgcc/bin/../lib/gcc/arm-none-eabi/9.3.1/thumb/v7e-m+fp/hard\libgcc.a(_arm_truncdfsf2.o)
 .text          0x00000000        0x0 c:/program files (x86)/embitz/2.30/share/armgcc/bin/../lib/gcc/arm-none-eabi/9.3.1/../../../../arm-none-eabi/lib/thumb/v7e-m+fp/hard\libg_nano.a(lib_a-exit.o)
 .data          0x00000000        0x0 c:/program files (x86)/embitz/2.30/share/armgcc/bin/../lib/gcc/arm-none-eabi/9.3.1/../../../../arm-none-eabi/lib/thumb/v7e-m+fp/hard\libg_nano.a(lib_a-exit.o)
 .bss           0x00000000        0x0 c:/program files (x86)/embitz/2.30/share/armgcc/bin/../lib/gcc/arm-none-eabi/9.3.1/../../../../arm-none-eabi/lib/thumb/v7e-m+fp/hard\libg_nano.a(lib_a-exit.o)
 .text.exit     0x00000000       0x28 c:/program files (x86)/embitz/2.30/share/armgcc/bin/../lib/gcc/arm-none-eabi/9.3.1/../../../../arm-none-eabi/lib/thumb/v7e-m+fp/hard\libg_nano.a(lib_a-exit.o)
 .debug_frame   0x00000000       0x28 c:/program files (x86)/embitz/2.30/share/armgcc/bin/../lib/gcc/arm-none-eabi/9.3.1/../../../../arm-none-eabi/lib/thumb/v7e-m+fp/hard\libg_nano.a(lib_a-exit.o)
 .ARM.attributes
                0x00000000       0x34 c:/program files (x86)/embitz/2.30/share/armgcc/bin/../lib/gcc/arm-none-eabi/9.3.1/../../../../arm-none-eabi/lib/thumb/v7e-m+fp/hard\libg_nano.a(lib_a-exit.o)
 .text          0x00000000        0x0 c:/program files (x86)/embitz/2.30/share/armgcc/bin/../lib/gcc/arm-none-eabi/9.3.1/../../../../arm-none-eabi/lib/thumb/v7e-m+fp/hard\libg_nano.a(lib_a-impure.o)
 .data          0x00000000        0x0 c:/program files (x86)/embitz/2.30/share/armgcc/bin/../lib/gcc/arm-none-eabi/9.3.1/../../../../arm-none-eabi/lib/thumb/v7e-m+fp/hard\libg_nano.a(lib_a-impure.o)
 .bss           0x00000000        0x0 c:/program files (x86)/embitz/2.30/share/armgcc/bin/../lib/gcc/arm-none-eabi/9.3.1/../../../../arm-none-eabi/lib/thumb/v7e-m+fp/hard\libg_nano.a(lib_a-impure.o)
 .data._impure_ptr
                0x00000000        0x4 c:/program files (x86)/embitz/2.30/share/armgcc/bin/../lib/gcc/arm-none-eabi/9.3.1/../../../../arm-none-eabi/lib/thumb/v7e-m+fp/hard\libg_nano.a(lib_a-impure.o)
 .data.impure_data
                0x00000000       0x60 c:/program files (x86)/embitz/2.30/share/armgcc/bin/../lib/gcc/arm-none-eabi/9.3.1/../../../../arm-none-eabi/lib/thumb/v7e-m+fp/hard\libg_nano.a(lib_a-impure.o)
 .rodata._global_impure_ptr
                0x00000000        0x4 c:/program files (x86)/embitz/2.30/share/armgcc/bin/../lib/gcc/arm-none-eabi/9.3.1/../../../../arm-none-eabi/lib/thumb/v7e-m+fp/hard\libg_nano.a(lib_a-impure.o)
 .ARM.attributes
                0x00000000       0x32 c:/program files (x86)/embitz/2.30/share/armgcc/bin/../lib/gcc/arm-none-eabi/9.3.1/../../../../arm-none-eabi/lib/thumb/v7e-m+fp/hard\libg_nano.a(lib_a-impure.o)
 .text          0x00000000        0x0 c:/program files (x86)/embitz/2.30/share/armgcc/bin/../lib/gcc/arm-none-eabi/9.3.1/../../../../arm-none-eabi/lib/thumb/v7e-m+fp/hard\libg_nano.a(lib_a-init.o)
 .data          0x00000000        0x0 c:/program files (x86)/embitz/2.30/share/armgcc/bin/../lib/gcc/arm-none-eabi/9.3.1/../../../../arm-none-eabi/lib/thumb/v7e-m+fp/hard\libg_nano.a(lib_a-init.o)
 .bss           0x00000000        0x0 c:/program files (x86)/embitz/2.30/share/armgcc/bin/../lib/gcc/arm-none-eabi/9.3.1/../../../../arm-none-eabi/lib/thumb/v7e-m+fp/hard\libg_nano.a(lib_a-init.o)
 .text.__libc_init_array
                0x00000000       0x48 c:/program files (x86)/embitz/2.30/share/armgcc/bin/../lib/gcc/arm-none-eabi/9.3.1/../../../../arm-none-eabi/lib/thumb/v7e-m+fp/hard\libg_nano.a(lib_a-init.o)
 .debug_frame   0x00000000       0x2c c:/program files (x86)/embitz/2.30/share/armgcc/bin/../lib/gcc/arm-none-eabi/9.3.1/../../../../arm-none-eabi/lib/thumb/v7e-m+fp/hard\libg_nano.a(lib_a-init.o)
 .ARM.attributes
                0x00000000       0x34 c:/program files (x86)/embitz/2.30/share/armgcc/bin/../lib/gcc/arm-none-eabi/9.3.1/../../../../arm-none-eabi/lib/thumb/v7e-m+fp/hard\libg_nano.a(lib_a-init.o)
 .text          0x00000000        0x0 c:/program files (x86)/embitz/2.30/share/armgcc/bin/../lib/gcc/arm-none-eabi/9.3.1/../../../../arm-none-eabi/lib/thumb/v7e-m+fp/hard\libg_nano.a(lib_a-memset.o)
 .data          0x00000000        0x0 c:/program files (x86)/embitz/2.30/share/armgcc/bin/../lib/gcc/arm-none-eabi/9.3.1/../../../../arm-none-eabi/lib/thumb/v7e-m+fp/hard\libg_nano.a(lib_a-memset.o)
 .bss           0x00000000        0x0 c:/program files (x86)/embitz/2.30/share/armgcc/bin/../lib/gcc/arm-none-eabi/9.3.1/../../../../arm-none-eabi/lib/thumb/v7e-m+fp/hard\libg_nano.a(lib_a-memset.o)
 .text.memset   0x00000000       0x10 c:/program files (x86)/embitz/2.30/share/armgcc/bin/../lib/gcc/arm-none-eabi/9.3.1/../../../../arm-none-eabi/lib/thumb/v7e-m+fp/hard\libg_nano.a(lib_a-memset.o)
 .debug_frame   0x00000000       0x20 c:/program files (x86)/embitz/2.30/share/armgcc/bin/../lib/gcc/arm-none-eabi/9.3.1/../../../../arm-none-eabi/lib/thumb/v7e-m+fp/hard\libg_nano.a(lib_a-memset.o)
 .ARM.attributes
                0x00000000       0x34 c:/program files (x86)/embitz/2.30/share/armgcc/bin/../lib/gcc/arm-none-eabi/9.3.1/../../../../arm-none-eabi/lib/thumb/v7e-m+fp/hard\libg_nano.a(lib_a-memset.o)
 .text          0x00000000        0x0 c:/program files (x86)/embitz/2.30/share/armgcc/bin/../lib/gcc/arm-none-eabi/9.3.1/../../../../arm-none-eabi/lib/thumb/v7e-m+fp/hard\libnosys.a(_exit.o)
 .data          0x00000000        0x0 c:/program files (x86)/embitz/2.30/share/armgcc/bin/../lib/gcc/arm-none-eabi/9.3.1/../../../../arm-none-eabi/lib/thumb/v7e-m+fp/hard\libnosys.a(_exit.o)
 .bss           0x00000000        0x0 c:/program files (x86)/embitz/2.30/share/armgcc/bin/../lib/gcc/arm-none-eabi/9.3.1/../../../../arm-none-eabi/lib/thumb/v7e-m+fp/hard\libnosys.a(_exit.o)
 .text._exit    0x00000000        0x4 c:/program files (x86)/embitz/2.30/share/armgcc/bin/../lib/gcc/arm-none-eabi/9.3.1/../../../../arm-none-eabi/lib/thumb/v7e-m+fp/hard\libnosys.a(_exit.o)
 .debug_frame   0x00000000       0x20 c:/program files (x86)/embitz/2.30/share/armgcc/bin/../lib/gcc/arm-none-eabi/9.3.1/../../../../arm-none-eabi/lib/thumb/v7e-m+fp/hard\libnosys.a(_exit.o)
 .ARM.attributes
                0x00000000       0x34 c:/program files (x86)/embitz/2.30/share/armgcc/bin/../lib/gcc/arm-none-eabi/9.3.1/../../../../arm-none-eabi/lib/thumb/v7e-m+fp/hard\libnosys.a(_exit.o)
 .text          0x00000000        0x0 c:/program files (x86)/embitz/2.30/share/armgcc/bin/../lib/gcc/arm-none-eabi/9.3.1/thumb/v7e-m+fp/hard/crtend.o
 .data          0x00000000        0x0 c:/program files (x86)/embitz/2.30/share/armgcc/bin/../lib/gcc/arm-none-eabi/9.3.1/thumb/v7e-m+fp/hard/crtend.o
 .bss           0x00000000        0x0 c:/program files (x86)/embitz/2.30/share/armgcc/bin/../lib/gcc/arm-none-eabi/9.3.1/thumb/v7e-m+fp/hard/crtend.o
 .eh_frame      0x00000000        0x4 c:/program files (x86)/embitz/2.30/share/armgcc/bin/../lib/gcc/arm-none-eabi/9.3.1/thumb/v7e-m+fp/hard/crtend.o
 .ARM.attributes
                0x00000000       0x32 c:/program files (x86)/embitz/2.30/share/armgcc/bin/../lib/gcc/arm-none-eabi/9.3.1/thumb/v7e-m+fp/hard/crtend.o
 .text          0x00000000        0x0 c:/program files (x86)/embitz/2.30/share/armgcc/bin/../lib/gcc/arm-none-eabi/9.3.1/thumb/v7e-m+fp/hard/crtn.o
 .data          0x00000000        0x0 c:/program files (x86)/embitz/2.30/share/armgcc/bin/../lib/gcc/arm-none-eabi/9.3.1/thumb/v7e-m+fp/hard/crtn.o
 .bss           0x00000000        0x0 c:/program files (x86)/embitz/2.30/share/armgcc/bin/../lib/gcc/arm-none-eabi/9.3.1/thumb/v7e-m+fp/hard/crtn.o

Memory Configuration

Name             Origin             Length             Attributes
FLASH            0x08000000         0x00040000         xr
RAM              0x20000000         0x00010000         xrw
*default*        0x00000000         0xffffffff

Linker script and memory map

LOAD c:/program files (x86)/embitz/2.30/share/armgcc/bin/../lib/gcc/arm-none-eabi/9.3.1/thumb/v7e-m+fp/hard/crti.o
LOAD c:/program files (x86)/embitz/2.30/share/armgcc/bin/../lib/gcc/arm-none-eabi/9.3.1/thumb/v7e-m+fp/hard/crtbegin.o
LOAD c:/program files (x86)/embitz/2.30/share/armgcc/bin/../lib/gcc/arm-none-eabi/9.3.1/../../../../arm-none-eabi/lib/thumb/v7e-m+fp/hard/crt0.o
                0x00000000                __HEAP_SIZE = 0x0
                0x00000100                __STACK_SIZE = 0x100
                0x00000000                _Min_Heap_Size = __HEAP_SIZE
                0x00000100                _Min_Stack_Size = __STACK_SIZE
                0x20010000                _estack = (ORIGIN (RAM) + LENGTH (RAM))

.isr_vector     0x08000000      0x194
                0x08000000                . = ALIGN (0x4)
 *(.isr_vector)
 .isr_vector    0x08000000      0x194 obj\debug\src\startup_stm32f401xc.o
                0x08000000                g_pfnVectors
                0x08000194                . = ALIGN (0x4)

.text           0x08000198     0x2e70
                0x08000198                . = ALIGN (0x4)
 *(.text)
 .text          0x08000198       0x40 c:/program files (x86)/embitz/2.30/share/armgcc/bin/../lib/gcc/arm-none-eabi/9.3.1/thumb/v7e-m+fp/hard/crtbegin.o
 .text          0x080001d8      0x378 c:/program files (x86)/embitz/2.30/share/armgcc/bin/../lib/gcc/arm-none-eabi/9.3.1/thumb/v7e-m+fp/hard\libgcc.a(_arm_addsubdf3.o)
                0x080001d8                __aeabi_drsub
                0x080001e0                __aeabi_dsub
                0x080001e0                __subdf3
                0x080001e4                __aeabi_dadd
                0x080001e4                __adddf3
                0x0800045c                __floatunsidf
                0x0800045c                __aeabi_ui2d
                0x0800047c                __floatsidf
                0x0800047c                __aeabi_i2d
                0x080004a0                __aeabi_f2d
                0x080004a0                __extendsfdf2
                0x080004e4                __floatundidf
                0x080004e4                __aeabi_ul2d
                0x080004f4                __floatdidf
                0x080004f4                __aeabi_l2d
 .text          0x08000550      0x424 c:/program files (x86)/embitz/2.30/share/armgcc/bin/../lib/gcc/arm-none-eabi/9.3.1/thumb/v7e-m+fp/hard\libgcc.a(_arm_muldivdf3.o)
                0x08000550                __aeabi_dmul
                0x08000550                __muldf3
                0x080007a4                __divdf3
                0x080007a4                __aeabi_ddiv
 .text          0x08000974       0xa0 c:/program files (x86)/embitz/2.30/share/armgcc/bin/../lib/gcc/arm-none-eabi/9.3.1/thumb/v7e-m+fp/hard\libgcc.a(_arm_truncdfsf2.o)
                0x08000974                __truncdfsf2
                0x08000974                __aeabi_d2f
 *(.text*)
 .text.Reset_Handler
                0x08000a14       0x4c obj\debug\src\startup_stm32f401xc.o
                0x08000a14                Reset_Handler
 .text.Default_Handler
                0x08000a60        0x2 obj\debug\src\startup_stm32f401xc.o
                0x08000a60                RTC_Alarm_IRQHandler
                0x08000a60                EXTI2_IRQHandler
                0x08000a60                DebugMon_Handler
                0x08000a60                SPI4_IRQHandler
                0x08000a60                TIM1_CC_IRQHandler
                0x08000a60                DMA2_Stream5_IRQHandler
                0x08000a60                HardFault_Handler
                0x08000a60                DMA1_Stream5_IRQHandler
                0x08000a60                PVD_IRQHandler
                0x08000a60                SDIO_IRQHandler
                0x08000a60                TAMP_STAMP_IRQHandler
                0x08000a60                PendSV_Handler
                0x08000a60                NMI_Handler
                0x08000a60                EXTI3_IRQHandler
                0x08000a60                TIM1_UP_TIM10_IRQHandler
                0x08000a60                EXTI0_IRQHandler
                0x08000a60                DMA1_Stream2_IRQHandler
                0x08000a60                FPU_IRQHandler
                0x08000a60                UsageFault_Handler
                0x08000a60                DMA2_Stream2_IRQHandler
                0x08000a60                SPI1_IRQHandler
                0x08000a60                TIM1_BRK_TIM9_IRQHandler
                0x08000a60                DMA2_Stream3_IRQHandler
                0x08000a60                USART6_IRQHandler
                0x08000a60                DMA2_Stream0_IRQHandler
                0x08000a60                DMA1_Stream6_IRQHandler
                0x08000a60                DMA1_Stream1_IRQHandler
                0x08000a60                RCC_IRQHandler
                0x08000a60                Default_Handler
                0x08000a60                EXTI15_10_IRQHandler
                0x08000a60                DMA1_Stream7_IRQHandler
                0x08000a60                DMA2_Stream7_IRQHandler
                0x08000a60                EXTI9_5_IRQHandler
                0x08000a60                RTC_WKUP_IRQHandler
                0x08000a60                SPI2_IRQHandler
                0x08000a60                MemManage_Handler
                0x08000a60                DMA1_Stream0_IRQHandler
                0x08000a60                SVC_Handler
                0x08000a60                EXTI4_IRQHandler
                0x08000a60                WWDG_IRQHandler
                0x08000a60                OTG_FS_WKUP_IRQHandler
                0x08000a60                TIM1_TRG_COM_TIM11_IRQHandler
                0x08000a60                EXTI1_IRQHandler
                0x08000a60                USART2_IRQHandler
                0x08000a60                DMA2_Stream1_IRQHandler
                0x08000a60                FLASH_IRQHandler
                0x08000a60                DMA2_Stream4_IRQHandler
                0x08000a60                BusFault_Handler
                0x08000a60                USART1_IRQHandler
                0x08000a60                OTG_FS_IRQHandler
                0x08000a60                SPI3_IRQHandler
                0x08000a60                DMA1_Stream4_IRQHandler
                0x08000a60                DMA2_Stream6_IRQHandler
                0x08000a60                DMA1_Stream3_IRQHandler
 *fill*         0x08000a62        0x2 
 .text.TCS3472_Init
                0x08000a64      0x138 obj\debug\external\colorsensor\tcs3472.o
                0x08000a64                TCS3472_Init
 .text.TCS3472_ON
                0x08000b9c       0x5c obj\debug\external\colorsensor\tcs3472.o
 .text.TCS3472_OFF
                0x08000bf8       0x50 obj\debug\external\colorsensor\tcs3472.o
 .text.TCS3472_GetRGB
                0x08000c48       0xe0 obj\debug\external\colorsensor\tcs3472.o
                0x08000c48                TCS3472_GetRGB
 .text.TCS3472_GetRawData
                0x08000d28       0x64 obj\debug\external\colorsensor\tcs3472.o
                0x08000d28                TCS3472_GetRawData
 .text.TCS3472_SetProperties
                0x08000d8c       0x8c obj\debug\external\colorsensor\tcs3472.o
                0x08000d8c                TCS3472_SetProperties
 .text.TCS3472_Connect
                0x08000e18      0x11c obj\debug\external\colorsensor\tcs3472.o
                0x08000e18                TCS3472_Connect
 .text.ADC_IRQHandler
                0x08000f34        0xe obj\debug\fil_lib\src\adc.o
                0x08000f34                ADC_IRQHandler
 *fill*         0x08000f42        0x2 
 .text.ADC_Init
                0x08000f44       0xc4 obj\debug\fil_lib\src\adc.o
                0x08000f44                ADC_Init
 .text.I2C1_EV_IRQHandler
                0x08001008        0xe obj\debug\fil_lib\src\i2c.o
                0x08001008                I2C1_EV_IRQHandler
 .text.I2C2_EV_IRQHandler
                0x08001016        0xe obj\debug\fil_lib\src\i2c.o
                0x08001016                I2C2_EV_IRQHandler
 .text.I2C3_EV_IRQHandler
                0x08001024        0xe obj\debug\fil_lib\src\i2c.o
                0x08001024                I2C3_EV_IRQHandler
 .text.I2C1_ER_IRQHandler
                0x08001032        0xe obj\debug\fil_lib\src\i2c.o
                0x08001032                I2C1_ER_IRQHandler
 .text.I2C2_ER_IRQHandler
                0x08001040        0xe obj\debug\fil_lib\src\i2c.o
                0x08001040                I2C2_ER_IRQHandler
 .text.I2C3_ER_IRQHandler
                0x0800104e        0xe obj\debug\fil_lib\src\i2c.o
                0x0800104e                I2C3_ER_IRQHandler
 .text.I2C_ClearAllStats
                0x0800105c       0x28 obj\debug\fil_lib\src\i2c.o
                0x0800105c                I2C_ClearAllStats
 .text.I2C_MemoryWriteSingle
                0x08001084      0x170 obj\debug\fil_lib\src\i2c.o
                0x08001084                I2C_MemoryWriteSingle
 .text.I2C_MemoryReadMultiple
                0x080011f4      0x1fc obj\debug\fil_lib\src\i2c.o
                0x080011f4                I2C_MemoryReadMultiple
 .text.I2C_MemoryReadSingle
                0x080013f0      0x1b4 obj\debug\fil_lib\src\i2c.o
                0x080013f0                I2C_MemoryReadSingle
 .text.I2C_RestoreConnection
                0x080015a4      0x1b4 obj\debug\fil_lib\src\i2c.o
                0x080015a4                I2C_RestoreConnection
 .text.CalcRCCClocks
                0x08001758      0x134 obj\debug\fil_lib\src\rcc.o
                0x08001758                CalcRCCClocks
 .text.SysTick_Handler
                0x0800188c       0x1c obj\debug\fil_lib\src\tim.o
                0x0800188c                SysTick_Handler
 .text.TIM3_IRQHandler
                0x080018a8       0x18 obj\debug\fil_lib\src\tim.o
                0x080018a8                TIM3_IRQHandler
 .text.TIM5_IRQHandler
                0x080018c0       0x18 obj\debug\fil_lib\src\tim.o
                0x080018c0                TIM5_IRQHandler
 .text.delay_ms
                0x080018d8       0x40 obj\debug\fil_lib\src\tim.o
                0x080018d8                delay_ms
 .text.CalcTimFrequency
                0x08001918       0x74 obj\debug\fil_lib\src\tim.o
                0x08001918                CalcTimFrequency
 .text.CalcTimClockSourse
                0x0800198c       0x8c obj\debug\fil_lib\src\tim.o
                0x0800198c                CalcTimClockSourse
 .text.SetPWM   0x08001a18       0xd0 obj\debug\fil_lib\src\tim.o
                0x08001a18                SetPWM
 .text.SetVoltageRight
                0x08001ae8       0x54 obj\debug\src\engine.o
                0x08001ae8                SetVoltageRight
 .text.SetVoltageLeft
                0x08001b3c       0x54 obj\debug\src\engine.o
                0x08001b3c                SetVoltageLeft
 .text.TIM2_IRQHandler
                0x08001b90       0x3c obj\debug\src\interrupts.o
                0x08001b90                TIM2_IRQHandler
 *fill*         0x08001bcc        0x4 
 .text.TIM4_IRQHandler
                0x08001bd0      0x1c0 obj\debug\src\interrupts.o
                0x08001bd0                TIM4_IRQHandler
 .text.__NVIC_EnableIRQ
                0x08001d90       0x3c obj\debug\src\main.o
 .text.__NVIC_SetPriority
                0x08001dcc       0x54 obj\debug\src\main.o
 .text.SysTick_Config
                0x08001e20       0x44 obj\debug\src\main.o
 .text.main     0x08001e64      0xcc0 obj\debug\src\main.o
                0x08001e64                main
 .text.PID_Init
                0x08002b24       0xc4 obj\debug\src\regulator.o
                0x08002b24                PID_Init
 .text.PID_Calc
                0x08002be8      0x2a8 obj\debug\src\regulator.o
                0x08002be8                PID_Calc
 .text.SystemInit
                0x08002e90       0x6c obj\debug\src\system_stm32f4xx.o
                0x08002e90                SystemInit
 .text.SetSysClock
                0x08002efc       0xf4 obj\debug\src\system_stm32f4xx.o
 *(.glue_7)
 .glue_7        0x08002ff0        0x0 linker stubs
 *(.glue_7t)
 .glue_7t       0x08002ff0        0x0 linker stubs
 *(.eh_frame)
 .eh_frame      0x08002ff0        0x0 c:/program files (x86)/embitz/2.30/share/armgcc/bin/../lib/gcc/arm-none-eabi/9.3.1/thumb/v7e-m+fp/hard/crtbegin.o
 *(.init)
 .init          0x08002ff0        0x4 c:/program files (x86)/embitz/2.30/share/armgcc/bin/../lib/gcc/arm-none-eabi/9.3.1/thumb/v7e-m+fp/hard/crti.o
                0x08002ff0                _init
 .init          0x08002ff4        0x8 c:/program files (x86)/embitz/2.30/share/armgcc/bin/../lib/gcc/arm-none-eabi/9.3.1/thumb/v7e-m+fp/hard/crtn.o
 *(.fini)
 .fini          0x08002ffc        0x4 c:/program files (x86)/embitz/2.30/share/armgcc/bin/../lib/gcc/arm-none-eabi/9.3.1/thumb/v7e-m+fp/hard/crti.o
                0x08002ffc                _fini
 .fini          0x08003000        0x8 c:/program files (x86)/embitz/2.30/share/armgcc/bin/../lib/gcc/arm-none-eabi/9.3.1/thumb/v7e-m+fp/hard/crtn.o
                0x08003008                . = ALIGN (0x4)
                0x08003008                _etext = .

.vfp11_veneer   0x08003008        0x0
 .vfp11_veneer  0x08003008        0x0 linker stubs

.v4_bx          0x08003008        0x0
 .v4_bx         0x08003008        0x0 linker stubs

.iplt           0x08003008        0x0
 .iplt          0x08003008        0x0 c:/program files (x86)/embitz/2.30/share/armgcc/bin/../lib/gcc/arm-none-eabi/9.3.1/thumb/v7e-m+fp/hard/crtbegin.o

.rel.dyn        0x08003008        0x0
 .rel.iplt      0x08003008        0x0 c:/program files (x86)/embitz/2.30/share/armgcc/bin/../lib/gcc/arm-none-eabi/9.3.1/thumb/v7e-m+fp/hard/crtbegin.o

.rodata         0x08003008        0x0
                0x08003008                . = ALIGN (0x4)
 *(.rodata)
 *(.rodata*)
                0x08003008                . = ALIGN (0x4)

.ARM.extab
 *(.ARM.extab* .gnu.linkonce.armextab.*)

.ARM            0x08003008        0x0
                0x08003008                __exidx_start = .
 *(.ARM.exidx*)
                0x08003008                __exidx_end = .

.preinit_array  0x08003008        0x0
                0x08003008                PROVIDE (__preinit_array_start = .)
 *(.preinit_array*)
                0x08003008                PROVIDE (__preinit_array_end = .)

.init_array     0x08003008        0x4
                0x08003008                PROVIDE (__init_array_start = .)
 *(SORT_BY_NAME(.init_array.*))
 *(.init_array*)
 .init_array    0x08003008        0x4 c:/program files (x86)/embitz/2.30/share/armgcc/bin/../lib/gcc/arm-none-eabi/9.3.1/thumb/v7e-m+fp/hard/crtbegin.o
                0x0800300c                PROVIDE (__init_array_end = .)

.fini_array     0x0800300c        0x4
                [!provide]                PROVIDE (__fini_array_start = .)
 *(SORT_BY_NAME(.fini_array.*))
 *(.fini_array*)
 .fini_array    0x0800300c        0x4 c:/program files (x86)/embitz/2.30/share/armgcc/bin/../lib/gcc/arm-none-eabi/9.3.1/thumb/v7e-m+fp/hard/crtbegin.o
                [!provide]                PROVIDE (__fini_array_end = .)
                0x08003010                _sidata = LOADADDR (.data)

.data           0x20000000       0x10 load address 0x08003010
                0x20000000                . = ALIGN (0x4)
                0x20000000                _sdata = .
 *(.data)
 *(.data*)
 .data.PrescalerTable
                0x20000000       0x10 obj\debug\fil_lib\src\rcc.o
                0x20000010                . = ALIGN (0x4)
                0x20000010                _edata = .

.igot.plt       0x20000010        0x0 load address 0x08003020
 .igot.plt      0x20000010        0x0 c:/program files (x86)/embitz/2.30/share/armgcc/bin/../lib/gcc/arm-none-eabi/9.3.1/thumb/v7e-m+fp/hard/crtbegin.o
                0x20000010                . = ALIGN (0x4)

.bss            0x20000010      0x348 load address 0x08003020
                0x20000010                _sbss = .
                0x20000010                __bss_start__ = _sbss
 *(.bss)
 .bss           0x20000010       0x1c c:/program files (x86)/embitz/2.30/share/armgcc/bin/../lib/gcc/arm-none-eabi/9.3.1/thumb/v7e-m+fp/hard/crtbegin.o
 *(.bss*)
 .bss.TCS3472_timeout
                0x2000002c        0x4 obj\debug\external\colorsensor\tcs3472.o
 .bss.ADC1_Data
                0x20000030        0x4 obj\debug\fil_lib\src\adc.o
                0x20000030                ADC1_Data
 .bss.I2C_timeout
                0x20000034        0x4 obj\debug\fil_lib\src\i2c.o
 .bss.globalTime
                0x20000038        0x4 obj\debug\fil_lib\src\tim.o
                0x20000038                globalTime
 .bss.startTick
                0x2000003c        0x4 obj\debug\fil_lib\src\tim.o
 *(COMMON)
 COMMON         0x20000040      0x2f9 obj\debug\external\colorsensor\tcs3472.o
                0x20000040                I2CStatus
                0x2000004c                PID_regulator
                0x200000ac                TIMStatus
                0x200000cc                TCS3472
                0x200000f4                ADCStatus
                0x20000120                RCH
                0x20000124                Tank_60x60
                0x20000324                Clocks
                0x20000338                JCH
 *fill*         0x20000339        0x3 
 COMMON         0x2000033c       0x1c obj\debug\src\interrupts.o
                0x2000033c                line
                0x20000344                angle
                0x2000034c                EncData
                0x20000350                speed
                0x20000358                . = ALIGN (0x4)
                0x20000358                _ebss = .
                0x20000358                __bss_end__ = _ebss

.heap           0x20000358        0x0 load address 0x08003020
                0x20000358                . = ALIGN (0x4)
                [!provide]                PROVIDE (end = .)
                [!provide]                PROVIDE (_end = .)
 *(.heap*)
                0x20000358                . = (. + _Min_Heap_Size)
                0x20000358                __HeapLimit = .
                0x20000358                . = ALIGN (0x4)

.ARM.attributes
                0x00000000       0x30
 *(.ARM.attributes)
 .ARM.attributes
                0x00000000       0x1e c:/program files (x86)/embitz/2.30/share/armgcc/bin/../lib/gcc/arm-none-eabi/9.3.1/thumb/v7e-m+fp/hard/crti.o
 .ARM.attributes
                0x0000001e       0x34 c:/program files (x86)/embitz/2.30/share/armgcc/bin/../lib/gcc/arm-none-eabi/9.3.1/thumb/v7e-m+fp/hard/crtbegin.o
 .ARM.attributes
                0x00000052       0x21 obj\debug\src\startup_stm32f401xc.o
 .ARM.attributes
                0x00000073       0x34 obj\debug\external\colorsensor\tcs3472.o
 .ARM.attributes
                0x000000a7       0x34 obj\debug\fil_lib\src\adc.o
 .ARM.attributes
                0x000000db       0x34 obj\debug\fil_lib\src\i2c.o
 .ARM.attributes
                0x0000010f       0x34 obj\debug\fil_lib\src\rcc.o
 .ARM.attributes
                0x00000143       0x34 obj\debug\fil_lib\src\tim.o
 .ARM.attributes
                0x00000177       0x34 obj\debug\src\engine.o
 .ARM.attributes
                0x000001ab       0x34 obj\debug\src\interrupts.o
 .ARM.attributes
                0x000001df       0x34 obj\debug\src\main.o
 .ARM.attributes
                0x00000213       0x34 obj\debug\src\regulator.o
 .ARM.attributes
                0x00000247       0x34 obj\debug\src\system_stm32f4xx.o
 .ARM.attributes
                0x0000027b       0x1e c:/program files (x86)/embitz/2.30/share/armgcc/bin/../lib/gcc/arm-none-eabi/9.3.1/thumb/v7e-m+fp/hard\libgcc.a(_arm_addsubdf3.o)
 .ARM.attributes
                0x00000299       0x1e c:/program files (x86)/embitz/2.30/share/armgcc/bin/../lib/gcc/arm-none-eabi/9.3.1/thumb/v7e-m+fp/hard\libgcc.a(_arm_muldivdf3.o)
 .ARM.attributes
                0x000002b7       0x1e c:/program files (x86)/embitz/2.30/share/armgcc/bin/../lib/gcc/arm-none-eabi/9.3.1/thumb/v7e-m+fp/hard\libgcc.a(_arm_truncdfsf2.o)
 .ARM.attributes
                0x000002d5       0x1e c:/program files (x86)/embitz/2.30/share/armgcc/bin/../lib/gcc/arm-none-eabi/9.3.1/thumb/v7e-m+fp/hard/crtn.o
                0x2000ff00                __StackLimit = (_estack - _Min_Stack_Size)
                0x00000001                ASSERT ((__StackLimit >= __HeapLimit), Region RAM overflowed with stack)
LOAD obj\debug\src\startup_stm32f401xc.o
LOAD obj\debug\external\colorsensor\tcs3472.o
LOAD obj\debug\external\matrix\matrix.o
LOAD obj\debug\external\modbus\ascii\modbus_ascii.o
LOAD obj\debug\external\mpu9250\mpu9250.o
LOAD obj\debug\external\regulators\regulators.o
LOAD obj\debug\external\ssd1306\fonts.o
LOAD obj\debug\external\ssd1306\images.o
LOAD obj\debug\external\ssd1306\ssd1306.o
LOAD obj\debug\external\ssd1306\ssd1306_i2c.o
LOAD obj\debug\fil_lib\src\adc.o
LOAD obj\debug\fil_lib\src\dma.o
LOAD obj\debug\fil_lib\src\exti.o
LOAD obj\debug\fil_lib\src\i2c.o
LOAD obj\debug\fil_lib\src\rcc.o
LOAD obj\debug\fil_lib\src\rtc.o
LOAD obj\debug\fil_lib\src\tim.o
LOAD obj\debug\fil_lib\src\usart.o
LOAD obj\debug\src\engine.o
LOAD obj\debug\src\interrupts.o
LOAD obj\debug\src\main.o
LOAD obj\debug\src\regulator.o
LOAD obj\debug\src\sensors.o
LOAD obj\debug\dev\dev.o
LOAD obj\debug\src\system_stm32f4xx.o
START GROUP
LOAD c:/program files (x86)/embitz/2.30/share/armgcc/bin/../lib/gcc/arm-none-eabi/9.3.1/thumb/v7e-m+fp/hard\libgcc.a
LOAD c:/program files (x86)/embitz/2.30/share/armgcc/bin/../lib/gcc/arm-none-eabi/9.3.1/../../../../arm-none-eabi/lib/thumb/v7e-m+fp/hard\libg_nano.a
LOAD c:/program files (x86)/embitz/2.30/share/armgcc/bin/../lib/gcc/arm-none-eabi/9.3.1/../../../../arm-none-eabi/lib/thumb/v7e-m+fp/hard\libc_nano.a
END GROUP
START GROUP
LOAD c:/program files (x86)/embitz/2.30/share/armgcc/bin/../lib/gcc/arm-none-eabi/9.3.1/thumb/v7e-m+fp/hard\libgcc.a
LOAD c:/program files (x86)/embitz/2.30/share/armgcc/bin/../lib/gcc/arm-none-eabi/9.3.1/../../../../arm-none-eabi/lib/thumb/v7e-m+fp/hard\libc_nano.a
LOAD c:/program files (x86)/embitz/2.30/share/armgcc/bin/../lib/gcc/arm-none-eabi/9.3.1/../../../../arm-none-eabi/lib/thumb/v7e-m+fp/hard\libnosys.a
END GROUP
START GROUP
LOAD c:/program files (x86)/embitz/2.30/share/armgcc/bin/../lib/gcc/arm-none-eabi/9.3.1/thumb/v7e-m+fp/hard\libgcc.a
LOAD c:/program files (x86)/embitz/2.30/share/armgcc/bin/../lib/gcc/arm-none-eabi/9.3.1/../../../../arm-none-eabi/lib/thumb/v7e-m+fp/hard\libc_nano.a
LOAD c:/program files (x86)/embitz/2.30/share/armgcc/bin/../lib/gcc/arm-none-eabi/9.3.1/../../../../arm-none-eabi/lib/thumb/v7e-m+fp/hard\libnosys.a
END GROUP
LOAD c:/program files (x86)/embitz/2.30/share/armgcc/bin/../lib/gcc/arm-none-eabi/9.3.1/thumb/v7e-m+fp/hard/crtend.o
LOAD c:/program files (x86)/embitz/2.30/share/armgcc/bin/../lib/gcc/arm-none-eabi/9.3.1/thumb/v7e-m+fp/hard/crtn.o
OUTPUT(bin\Debug\SmallCar.elf elf32-littlearm)
LOAD linker stubs

.debug_line     0x00000000     0x2d1c
 .debug_line    0x00000000       0x77 obj\debug\src\startup_stm32f401xc.o
 .debug_line    0x00000077      0x66b obj\debug\external\colorsensor\tcs3472.o
 .debug_line    0x000006e2      0x2e9 obj\debug\fil_lib\src\adc.o
 .debug_line    0x000009cb      0x8e9 obj\debug\fil_lib\src\i2c.o
 .debug_line    0x000012b4      0x366 obj\debug\fil_lib\src\rcc.o
 .debug_line    0x0000161a      0x769 obj\debug\fil_lib\src\tim.o
 .debug_line    0x00001d83      0x2bc obj\debug\src\engine.o
 .debug_line    0x0000203f      0x317 obj\debug\src\interrupts.o
 .debug_line    0x00002356      0x3be obj\debug\src\main.o
 .debug_line    0x00002714      0x34f obj\debug\src\regulator.o
 .debug_line    0x00002a63      0x2b9 obj\debug\src\system_stm32f4xx.o

.debug_info     0x00000000     0xac96
 .debug_info    0x00000000       0x22 obj\debug\src\startup_stm32f401xc.o
 .debug_info    0x00000022     0x1307 obj\debug\external\colorsensor\tcs3472.o
 .debug_info    0x00001329      0xfdd obj\debug\fil_lib\src\adc.o
 .debug_info    0x00002306     0x15e6 obj\debug\fil_lib\src\i2c.o
 .debug_info    0x000038ec     0x1026 obj\debug\fil_lib\src\rcc.o
 .debug_info    0x00004912     0x1250 obj\debug\fil_lib\src\tim.o
 .debug_info    0x00005b62     0x106c obj\debug\src\engine.o
 .debug_info    0x00006bce     0x10c8 obj\debug\src\interrupts.o
 .debug_info    0x00007c96     0x1b54 obj\debug\src\main.o
 .debug_info    0x000097ea      0xe44 obj\debug\src\regulator.o
 .debug_info    0x0000a62e      0x668 obj\debug\src\system_stm32f4xx.o

.debug_abbrev   0x00000000     0x18cb
 .debug_abbrev  0x00000000       0x12 obj\debug\src\startup_stm32f401xc.o
 .debug_abbrev  0x00000012      0x2bb obj\debug\external\colorsensor\tcs3472.o
 .debug_abbrev  0x000002cd      0x279 obj\debug\fil_lib\src\adc.o
 .debug_abbrev  0x00000546      0x326 obj\debug\fil_lib\src\i2c.o
 .debug_abbrev  0x0000086c      0x236 obj\debug\fil_lib\src\rcc.o
 .debug_abbrev  0x00000aa2      0x2bb obj\debug\fil_lib\src\tim.o
 .debug_abbrev  0x00000d5d      0x263 obj\debug\src\engine.o
 .debug_abbrev  0x00000fc0      0x236 obj\debug\src\interrupts.o
 .debug_abbrev  0x000011f6      0x30b obj\debug\src\main.o
 .debug_abbrev  0x00001501      0x252 obj\debug\src\regulator.o
 .debug_abbrev  0x00001753      0x178 obj\debug\src\system_stm32f4xx.o

.debug_aranges  0x00000000      0x2e8
 .debug_aranges
                0x00000000       0x28 obj\debug\src\startup_stm32f401xc.o
 .debug_aranges
                0x00000028       0x78 obj\debug\external\colorsensor\tcs3472.o
 .debug_aranges
                0x000000a0       0x28 obj\debug\fil_lib\src\adc.o
 .debug_aranges
                0x000000c8       0xa0 obj\debug\fil_lib\src\i2c.o
 .debug_aranges
                0x00000168       0x20 obj\debug\fil_lib\src\rcc.o
 .debug_aranges
                0x00000188       0x78 obj\debug\fil_lib\src\tim.o
 .debug_aranges
                0x00000200       0x28 obj\debug\src\engine.o
 .debug_aranges
                0x00000228       0x28 obj\debug\src\interrupts.o
 .debug_aranges
                0x00000250       0x40 obj\debug\src\main.o
 .debug_aranges
                0x00000290       0x28 obj\debug\src\regulator.o
 .debug_aranges
                0x000002b8       0x30 obj\debug\src\system_stm32f4xx.o

.debug_str      0x00000000     0x145f
 .debug_str     0x00000000       0x35 obj\debug\src\startup_stm32f401xc.o
 .debug_str     0x00000035      0x929 obj\debug\external\colorsensor\tcs3472.o
                                0xa33 (size before relaxing)
 .debug_str     0x0000095e       0x95 obj\debug\fil_lib\src\adc.o
                                0x888 (size before relaxing)
 .debug_str     0x000009f3      0x29e obj\debug\fil_lib\src\i2c.o
                                0xb2f (size before relaxing)
 .debug_str     0x00000c91       0x20 obj\debug\fil_lib\src\rcc.o
                                0x934 (size before relaxing)
 .debug_str     0x00000cb1      0x190 obj\debug\fil_lib\src\tim.o
                                0x9fc (size before relaxing)
 .debug_str     0x00000e41       0x2c obj\debug\src\engine.o
                                0x904 (size before relaxing)
 .debug_str     0x00000e6d       0x54 obj\debug\src\interrupts.o
                                0x92f (size before relaxing)
 .debug_str     0x00000ec1      0x4ba obj\debug\src\main.o
                                0xf5d (size before relaxing)
 .debug_str     0x0000137b       0x29 obj\debug\src\regulator.o
                                0x81c (size before relaxing)
 .debug_str     0x000013a4       0xbb obj\debug\src\system_stm32f4xx.o
                                0x3df (size before relaxing)

.debug_ranges   0x00000000      0x240
 .debug_ranges  0x00000000       0x20 obj\debug\src\startup_stm32f401xc.o
 .debug_ranges  0x00000020       0x68 obj\debug\external\colorsensor\tcs3472.o
 .debug_ranges  0x00000088       0x18 obj\debug\fil_lib\src\adc.o
 .debug_ranges  0x000000a0       0x90 obj\debug\fil_lib\src\i2c.o
 .debug_ranges  0x00000130       0x10 obj\debug\fil_lib\src\rcc.o
 .debug_ranges  0x00000140       0x68 obj\debug\fil_lib\src\tim.o
 .debug_ranges  0x000001a8       0x18 obj\debug\src\engine.o
 .debug_ranges  0x000001c0       0x18 obj\debug\src\interrupts.o
 .debug_ranges  0x000001d8       0x30 obj\debug\src\main.o
 .debug_ranges  0x00000208       0x18 obj\debug\src\regulator.o
 .debug_ranges  0x00000220       0x20 obj\debug\src\system_stm32f4xx.o

.comment        0x00000000       0x4c
 .comment       0x00000000       0x4c obj\debug\external\colorsensor\tcs3472.o
                                 0x4d (size before relaxing)
 .comment       0x0000004c       0x4d obj\debug\fil_lib\src\adc.o
 .comment       0x0000004c       0x4d obj\debug\fil_lib\src\i2c.o
 .comment       0x0000004c       0x4d obj\debug\fil_lib\src\rcc.o
 .comment       0x0000004c       0x4d obj\debug\fil_lib\src\tim.o
 .comment       0x0000004c       0x4d obj\debug\src\engine.o
 .comment       0x0000004c       0x4d obj\debug\src\interrupts.o
 .comment       0x0000004c       0x4d obj\debug\src\main.o
 .comment       0x0000004c       0x4d obj\debug\src\regulator.o
 .comment       0x0000004c       0x4d obj\debug\src\system_stm32f4xx.o

.debug_frame    0x00000000      0x9e0
 .debug_frame   0x00000000      0x1cc obj\debug\external\colorsensor\tcs3472.o
 .debug_frame   0x000001cc       0x58 obj\debug\fil_lib\src\adc.o
 .debug_frame   0x00000224      0x274 obj\debug\fil_lib\src\i2c.o
 .debug_frame   0x00000498       0x30 obj\debug\fil_lib\src\rcc.o
 .debug_frame   0x000004c8      0x1bc obj\debug\fil_lib\src\tim.o
 .debug_frame   0x00000684       0x58 obj\debug\src\engine.o
 .debug_frame   0x000006dc       0x48 obj\debug\src\interrupts.o
 .debug_frame   0x00000724       0xc8 obj\debug\src\main.o
 .debug_frame   0x000007ec       0x58 obj\debug\src\regulator.o
 .debug_frame   0x00000844       0x7c obj\debug\src\system_stm32f4xx.o
 .debug_frame   0x000008c0       0xac c:/program files (x86)/embitz/2.30/share/armgcc/bin/../lib/gcc/arm-none-eabi/9.3.1/thumb/v7e-m+fp/hard\libgcc.a(_arm_addsubdf3.o)
 .debug_frame   0x0000096c       0x50 c:/program files (x86)/embitz/2.30/share/armgcc/bin/../lib/gcc/arm-none-eabi/9.3.1/thumb/v7e-m+fp/hard\libgcc.a(_arm_muldivdf3.o)
 .debug_frame   0x000009bc       0x24 c:/program files (x86)/embitz/2.30/share/armgcc/bin/../lib/gcc/arm-none-eabi/9.3.1/thumb/v7e-m+fp/hard\libgcc.a(_arm_truncdfsf2.o)
